Failed to connect to localhost:1433 - Could not connect (sequence)